Study F — 48 initial conditions x 12 plants = 576 solves
  admissible fraction 0.883 of the raw box (226/256); rejects: {'outside_glide_cone': 30}
  [F] 1/576  16s elapsed
  [F] 2/576  21s elapsed
  [F] 3/576  24s elapsed
  [F] 4/576  47s elapsed
  [F] 5/576  49s elapsed
  [F] 6/576  51s elapsed
  [F] 7/576  65s elapsed
  [F] 8/576  67s elapsed
  [F] 9/576  71s elapsed
  [F] 10/576  82s elapsed
  [F] 11/576  86s elapsed
  [F] 12/576  94s elapsed
  [F] 13/576  106s elapsed
  [F] 14/576  108s elapsed
  [F] 15/576  117s elapsed
  [F] 16/576  127s elapsed
  [F] 17/576  130s elapsed
  [F] 18/576  134s elapsed
  [F] 19/576  145s elapsed
  [F] 20/576  150s elapsed
  [F] 21/576  162s elapsed
  [F] 22/576  175s elapsed
  [F] 23/576  178s elapsed
  [F] 24/576  183s elapsed
  [F] 25/576  209s elapsed
  [F] 26/576  212s elapsed
  [F] 27/576  218s elapsed
  [F] 28/576  224s elapsed
  [F] 29/576  238s elapsed
  [F] 30/576  239s elapsed
  [F] 31/576  244s elapsed
  [F] 32/576  250s elapsed
  [F] 33/576  259s elapsed
  [F] 34/576  273s elapsed
  [F] 35/576  274s elapsed
  [F] 36/576  289s elapsed
  [F] 37/576  293s elapsed
  [F] 38/576  304s elapsed
  [F] 39/576  317s elapsed
  [F] 40/576  318s elapsed
  [F] 41/576  319s elapsed
  [F] 42/576  319s elapsed
  [F] 43/576  339s elapsed
  [F] 44/576  345s elapsed
  [F] 45/576  350s elapsed
  [F] 46/576  359s elapsed
  [F] 47/576  359s elapsed
  [F] 48/576  374s elapsed
  [F] 49/576  439s elapsed
  [F] 50/576  528s elapsed
  [F] 51/576  560s elapsed
  [F] 52/576  586s elapsed
  [F] 53/576  624s elapsed
  [F] 54/576  686s elapsed
  [F] 55/576  690s elapsed
  [F] 56/576  812s elapsed
  [F] 57/576  819s elapsed
  [F] 58/576  826s elapsed
  [F] 59/576  832s elapsed
  [F] 60/576  938s elapsed
  [F] 61/576  996s elapsed
  [F] 62/576  1084s elapsed
  [F] 63/576  1098s elapsed
  [F] 64/576  1202s elapsed
  [F] 65/576  1206s elapsed
  [F] 66/576  1213s elapsed
  [F] 67/576  1309s elapsed
  [F] 68/576  1317s elapsed
  [F] 69/576  1407s elapsed
  [F] 70/576  1407s elapsed
  [F] 71/576  1410s elapsed
  [F] 72/576  1513s elapsed
  [F] 73/576  1530s elapsed
  [F] 74/576  1548s elapsed
  [F] 75/576  1576s elapsed
  [F] 76/576  1701s elapsed
  [F] 77/576  1716s elapsed
  [F] 78/576  1733s elapsed
  [F] 79/576  1777s elapsed
  [F] 80/576  1785s elapsed
  [F] 81/576  1827s elapsed
  [F] 82/576  1891s elapsed
  [F] 83/576  1901s elapsed
  [F] 84/576  2025s elapsed
  [F] 85/576  2058s elapsed
  [F] 86/576  2131s elapsed
  [F] 87/576  2155s elapsed
  [F] 88/576  2192s elapsed
  [F] 89/576  2206s elapsed
  [F] 90/576  2260s elapsed
  [F] 91/576  2311s elapsed
  [F] 92/576  2392s elapsed
  [F] 93/576  2414s elapsed
  [F] 94/576  2415s elapsed
  [F] 95/576  2434s elapsed
  [F] 96/576  2460s elapsed
  [F] 97/576  2464s elapsed
  [F] 98/576  2480s elapsed
  [F] 99/576  2486s elapsed
  [F] 100/576  2507s elapsed
  [F] 101/576  2519s elapsed
  [F] 102/576  2531s elapsed
  [F] 103/576  2536s elapsed
  [F] 104/576  2546s elapsed
  [F] 105/576  2570s elapsed
  [F] 106/576  2577s elapsed
  [F] 107/576  2586s elapsed
  [F] 108/576  2588s elapsed
  [F] 109/576  2591s elapsed
  [F] 110/576  2615s elapsed
  [F] 111/576  2620s elapsed
  [F] 112/576  2625s elapsed
  [F] 113/576  2627s elapsed
  [F] 114/576  2639s elapsed
  [F] 115/576  2646s elapsed
  [F] 116/576  2649s elapsed
  [F] 117/576  2656s elapsed
  [F] 118/576  2660s elapsed
  [F] 119/576  2671s elapsed
  [F] 120/576  2672s elapsed
  [F] 121/576  2681s elapsed
  [F] 122/576  2683s elapsed
  [F] 123/576  2689s elapsed
  [F] 124/576  2704s elapsed
  [F] 125/576  2713s elapsed
  [F] 126/576  2715s elapsed
  [F] 127/576  2722s elapsed
  [F] 128/576  2728s elapsed
  [F] 129/576  2735s elapsed
  [F] 130/576  2738s elapsed
  [F] 131/576  2748s elapsed
  [F] 132/576  2757s elapsed
  [F] 133/576  2764s elapsed
  [F] 134/576  2764s elapsed
  [F] 135/576  2777s elapsed
  [F] 136/576  2786s elapsed
  [F] 137/576  2787s elapsed
  [F] 138/576  2790s elapsed
  [F] 139/576  2803s elapsed
  [F] 140/576  2804s elapsed
  [F] 141/576  2809s elapsed
  [F] 142/576  2812s elapsed
  [F] 143/576  2817s elapsed
  [F] 144/576  2841s elapsed
  [F] 145/576  2941s elapsed
  [F] 146/576  3040s elapsed
  [F] 147/576  3069s elapsed
  [F] 148/576  3090s elapsed
  [F] 149/576  3133s elapsed
  [F] 150/576  3279s elapsed
  [F] 151/576  3328s elapsed
  [F] 152/576  3332s elapsed
  [F] 153/576  3341s elapsed
  [F] 154/576  3395s elapsed
  [F] 155/576  3430s elapsed
  [F] 156/576  3469s elapsed
  [F] 157/576  3481s elapsed
  [F] 158/576  3532s elapsed
  [F] 159/576  3610s elapsed
  [F] 160/576  3681s elapsed
  [F] 161/576  3721s elapsed
  [F] 162/576  3751s elapsed
  [F] 163/576  3767s elapsed
  [F] 164/576  3844s elapsed
  [F] 165/576  3875s elapsed
  [F] 166/576  3909s elapsed
  [F] 167/576  3967s elapsed
  [F] 168/576  3971s elapsed
  [F] 169/576  4038s elapsed
  [F] 170/576  4084s elapsed
  [F] 171/576  4093s elapsed
  [F] 172/576  4153s elapsed
  [F] 173/576  4166s elapsed
  [F] 174/576  4189s elapsed
  [F] 175/576  4264s elapsed
  [F] 176/576  4330s elapsed
  [F] 177/576  4334s elapsed
  [F] 178/576  4334s elapsed
  [F] 179/576  4415s elapsed
  [F] 180/576  4441s elapsed
  [F] 181/576  4611s elapsed
  [F] 182/576  4665s elapsed
  [F] 183/576  4683s elapsed
  [F] 184/576  4711s elapsed
  [F] 185/576  4791s elapsed
  [F] 186/576  4795s elapsed
  [F] 187/576  4892s elapsed
  [F] 188/576  4948s elapsed
  [F] 189/576  5006s elapsed
  [F] 190/576  5026s elapsed
  [F] 191/576  5032s elapsed
  [F] 192/576  5063s elapsed
  [F] 193/576  5086s elapsed
  [F] 194/576  5096s elapsed
  [F] 195/576  5096s elapsed
  [F] 196/576  5119s elapsed
  [F] 197/576  5139s elapsed
  [F] 198/576  5150s elapsed
  [F] 199/576  5169s elapsed
  [F] 200/576  5191s elapsed
  [F] 201/576  5209s elapsed
  [F] 202/576  5212s elapsed
  [F] 203/576  5231s elapsed
  [F] 204/576  5241s elapsed
  [F] 205/576  5253s elapsed
  [F] 206/576  5278s elapsed
  [F] 207/576  5278s elapsed
  [F] 208/576  5302s elapsed
  [F] 209/576  5307s elapsed
  [F] 210/576  5316s elapsed
  [F] 211/576  5328s elapsed
  [F] 212/576  5343s elapsed
  [F] 213/576  5346s elapsed
  [F] 214/576  5346s elapsed
  [F] 215/576  5373s elapsed
  [F] 216/576  5378s elapsed
  [F] 217/576  5389s elapsed
  [F] 218/576  5396s elapsed
  [F] 219/576  5404s elapsed
  [F] 220/576  5421s elapsed
  [F] 221/576  5427s elapsed
  [F] 222/576  5439s elapsed
  [F] 223/576  5442s elapsed
  [F] 224/576  5459s elapsed
  [F] 225/576  5463s elapsed
  [F] 226/576  5479s elapsed
  [F] 227/576  5480s elapsed
  [F] 228/576  5502s elapsed
  [F] 229/576  5506s elapsed
  [F] 230/576  5518s elapsed
  [F] 231/576  5533s elapsed
  [F] 232/576  5534s elapsed
  [F] 233/576  5535s elapsed
  [F] 234/576  5536s elapsed
  [F] 235/576  5569s elapsed
  [F] 236/576  5575s elapsed
  [F] 237/576  5583s elapsed
  [F] 238/576  5595s elapsed
  [F] 239/576  5599s elapsed
  [F] 240/576  5605s elapsed
  [F] 241/576  5624s elapsed
  [F] 242/576  5632s elapsed
  [F] 243/576  5634s elapsed
  [F] 244/576  5656s elapsed
  [F] 245/576  5666s elapsed
  [F] 246/576  5681s elapsed
  [F] 247/576  5681s elapsed
  [F] 248/576  5690s elapsed
  [F] 249/576  5706s elapsed
  [F] 250/576  5718s elapsed
  [F] 251/576  5725s elapsed
  [F] 252/576  5752s elapsed
  [F] 253/576  5755s elapsed
  [F] 254/576  5761s elapsed
  [F] 255/576  5774s elapsed
  [F] 256/576  5777s elapsed
  [F] 257/576  5784s elapsed
  [F] 258/576  5802s elapsed
  [F] 259/576  5809s elapsed
  [F] 260/576  5819s elapsed
  [F] 261/576  5820s elapsed
  [F] 262/576  5825s elapsed
  [F] 263/576  5834s elapsed
  [F] 264/576  5839s elapsed
  [F] 265/576  5850s elapsed
  [F] 266/576  5859s elapsed
  [F] 267/576  5876s elapsed
  [F] 268/576  5877s elapsed
  [F] 269/576  5881s elapsed
  [F] 270/576  5893s elapsed
  [F] 271/576  5895s elapsed
  [F] 272/576  5911s elapsed
  [F] 273/576  5915s elapsed
  [F] 274/576  5929s elapsed
  [F] 275/576  5939s elapsed
  [F] 276/576  5950s elapsed
  [F] 277/576  5960s elapsed
  [F] 278/576  5977s elapsed
  [F] 279/576  5981s elapsed
  [F] 280/576  5983s elapsed
  [F] 281/576  5984s elapsed
  [F] 282/576  5993s elapsed
  [F] 283/576  6015s elapsed
  [F] 284/576  6025s elapsed
  [F] 285/576  6040s elapsed
  [F] 286/576  6040s elapsed
  [F] 287/576  6052s elapsed
  [F] 288/576  6066s elapsed
  [F] 289/576  6074s elapsed
  [F] 290/576  6092s elapsed
  [F] 291/576  6098s elapsed
  [F] 292/576  6117s elapsed
  [F] 293/576  6140s elapsed
  [F] 294/576  6153s elapsed
  [F] 295/576  6157s elapsed
  [F] 296/576  6161s elapsed
  [F] 297/576  6171s elapsed
  [F] 298/576  6197s elapsed
  [F] 299/576  6204s elapsed
  [F] 300/576  6204s elapsed
  [F] 301/576  6242s elapsed
  [F] 302/576  6243s elapsed
  [F] 303/576  6253s elapsed
  [F] 304/576  6257s elapsed
  [F] 305/576  6283s elapsed
  [F] 306/576  6285s elapsed
  [F] 307/576  6301s elapsed
  [F] 308/576  6304s elapsed
  [F] 309/576  6320s elapsed
  [F] 310/576  6326s elapsed
  [F] 311/576  6327s elapsed
  [F] 312/576  6343s elapsed
  [F] 313/576  6362s elapsed
  [F] 314/576  6365s elapsed
  [F] 315/576  6402s elapsed
  [F] 316/576  6412s elapsed
  [F] 317/576  6421s elapsed
  [F] 318/576  6439s elapsed
  [F] 319/576  6440s elapsed
  [F] 320/576  6459s elapsed
  [F] 321/576  6468s elapsed
  [F] 322/576  6470s elapsed
  [F] 323/576  6493s elapsed
  [F] 324/576  6499s elapsed
  [F] 325/576  6512s elapsed
  [F] 326/576  6527s elapsed
  [F] 327/576  6529s elapsed
  [F] 328/576  6552s elapsed
  [F] 329/576  6555s elapsed
  [F] 330/576  6568s elapsed
  [F] 331/576  6569s elapsed
  [F] 332/576  6583s elapsed
  [F] 333/576  6593s elapsed
  [F] 334/576  6600s elapsed
  [F] 335/576  6609s elapsed
  [F] 336/576  6610s elapsed
  [F] 337/576  6633s elapsed
  [F] 338/576  6647s elapsed
  [F] 339/576  6651s elapsed
  [F] 340/576  6660s elapsed
  [F] 341/576  6670s elapsed
  [F] 342/576  6675s elapsed
  [F] 343/576  6685s elapsed
  [F] 344/576  6695s elapsed
  [F] 345/576  6707s elapsed
  [F] 346/576  6723s elapsed
  [F] 347/576  6729s elapsed
  [F] 348/576  6744s elapsed
  [F] 349/576  6749s elapsed
  [F] 350/576  6754s elapsed
  [F] 351/576  6769s elapsed
  [F] 352/576  6778s elapsed
  [F] 353/576  6783s elapsed
  [F] 354/576  6789s elapsed
  [F] 355/576  6789s elapsed
  [F] 356/576  6802s elapsed
  [F] 357/576  6805s elapsed
  [F] 358/576  6812s elapsed
  [F] 359/576  6819s elapsed
  [F] 360/576  6825s elapsed
  [F] 361/576  6836s elapsed
  [F] 362/576  6862s elapsed
  [F] 363/576  6869s elapsed
  [F] 364/576  6874s elapsed
  [F] 365/576  6891s elapsed
  [F] 366/576  6891s elapsed
  [F] 367/576  6896s elapsed
  [F] 368/576  6909s elapsed
  [F] 369/576  6911s elapsed
  [F] 370/576  6931s elapsed
  [F] 371/576  6932s elapsed
  [F] 372/576  6950s elapsed
  [F] 373/576  6967s elapsed
  [F] 374/576  6975s elapsed
  [F] 375/576  6975s elapsed
  [F] 376/576  6981s elapsed
  [F] 377/576  6989s elapsed
  [F] 378/576  6994s elapsed
  [F] 379/576  7001s elapsed
  [F] 380/576  7010s elapsed
  [F] 381/576  7016s elapsed
  [F] 382/576  7023s elapsed
  [F] 383/576  7030s elapsed
  [F] 384/576  7034s elapsed
  [F] 385/576  7060s elapsed
  [F] 386/576  7074s elapsed
  [F] 387/576  7075s elapsed
  [F] 388/576  7090s elapsed
  [F] 389/576  7100s elapsed
  [F] 390/576  7108s elapsed
  [F] 391/576  7128s elapsed
  [F] 392/576  7128s elapsed
  [F] 393/576  7135s elapsed
  [F] 394/576  7152s elapsed
  [F] 395/576  7152s elapsed
  [F] 396/576  7200s elapsed
  [F] 397/576  7206s elapsed
  [F] 398/576  7211s elapsed
  [F] 399/576  7222s elapsed
  [F] 400/576  7244s elapsed
  [F] 401/576  7250s elapsed
  [F] 402/576  7264s elapsed
  [F] 403/576  7269s elapsed
  [F] 404/576  7281s elapsed
  [F] 405/576  7291s elapsed
  [F] 406/576  7304s elapsed
  [F] 407/576  7310s elapsed
  [F] 408/576  7317s elapsed
  [F] 409/576  7350s elapsed
  [F] 410/576  7354s elapsed
  [F] 411/576  7360s elapsed
  [F] 412/576  7374s elapsed
  [F] 413/576  7378s elapsed
  [F] 414/576  7385s elapsed
  [F] 415/576  7393s elapsed
  [F] 416/576  7407s elapsed
  [F] 417/576  7415s elapsed
  [F] 418/576  7418s elapsed
  [F] 419/576  7440s elapsed
  [F] 420/576  7442s elapsed
  [F] 421/576  7458s elapsed
  [F] 422/576  7463s elapsed
  [F] 423/576  7472s elapsed
  [F] 424/576  7492s elapsed
  [F] 425/576  7494s elapsed
  [F] 426/576  7504s elapsed
  [F] 427/576  7509s elapsed
  [F] 428/576  7523s elapsed
  [F] 429/576  7531s elapsed
  [F] 430/576  7532s elapsed
  [F] 431/576  7544s elapsed
  [F] 432/576  7548s elapsed
  [F] 433/576  7563s elapsed
  [F] 434/576  7578s elapsed
  [F] 435/576  7587s elapsed
  [F] 436/576  7604s elapsed
  [F] 437/576  7620s elapsed
  [F] 438/576  7639s elapsed
  [F] 439/576  7640s elapsed
  [F] 440/576  7644s elapsed
  [F] 441/576  7654s elapsed
  [F] 442/576  7674s elapsed
  [F] 443/576  7693s elapsed
  [F] 444/576  7717s elapsed
  [F] 445/576  7725s elapsed
  [F] 446/576  7727s elapsed
  [F] 447/576  7760s elapsed
  [F] 448/576  7766s elapsed
  [F] 449/576  7769s elapsed
  [F] 450/576  7773s elapsed
  [F] 451/576  7784s elapsed
  [F] 452/576  7798s elapsed
  [F] 453/576  7803s elapsed
  [F] 454/576  7809s elapsed
  [F] 455/576  7812s elapsed
  [F] 456/576  7835s elapsed
  [F] 457/576  7842s elapsed
  [F] 458/576  7844s elapsed
  [F] 459/576  7865s elapsed
  [F] 460/576  7874s elapsed
  [F] 461/576  7895s elapsed
  [F] 462/576  7896s elapsed
  [F] 463/576  7898s elapsed
  [F] 464/576  7898s elapsed
  [F] 465/576  7916s elapsed
  [F] 466/576  7925s elapsed
  [F] 467/576  7940s elapsed
  [F] 468/576  7958s elapsed
  [F] 469/576  7962s elapsed
  [F] 470/576  7969s elapsed
  [F] 471/576  7984s elapsed
  [F] 472/576  7988s elapsed
  [F] 473/576  7992s elapsed
  [F] 474/576  7998s elapsed
  [F] 475/576  8015s elapsed
  [F] 476/576  8023s elapsed
  [F] 477/576  8025s elapsed
  [F] 478/576  8028s elapsed
  [F] 479/576  8041s elapsed
  [F] 480/576  8044s elapsed
  [F] 481/576  8071s elapsed
  [F] 482/576  8084s elapsed
  [F] 483/576  8100s elapsed
  [F] 484/576  8112s elapsed
  [F] 485/576  8116s elapsed
  [F] 486/576  8142s elapsed
  [F] 487/576  8152s elapsed
  [F] 488/576  8163s elapsed
  [F] 489/576  8171s elapsed
  [F] 490/576  8190s elapsed
  [F] 491/576  8200s elapsed
  [F] 492/576  8205s elapsed
  [F] 493/576  8223s elapsed
  [F] 494/576  8249s elapsed
  [F] 495/576  8252s elapsed
  [F] 496/576  8268s elapsed
  [F] 497/576  8292s elapsed
  [F] 498/576  8294s elapsed
  [F] 499/576  8315s elapsed
  [F] 500/576  8316s elapsed
  [F] 501/576  8330s elapsed
  [F] 502/576  8333s elapsed
  [F] 503/576  8351s elapsed
  [F] 504/576  8357s elapsed
  [F] 505/576  8366s elapsed
  [F] 506/576  8374s elapsed
  [F] 507/576  8388s elapsed
  [F] 508/576  8395s elapsed
  [F] 509/576  8409s elapsed
  [F] 510/576  8414s elapsed
  [F] 511/576  8433s elapsed
  [F] 512/576  8443s elapsed
  [F] 513/576  8451s elapsed
  [F] 514/576  8467s elapsed
  [F] 515/576  8479s elapsed
  [F] 516/576  8487s elapsed
  [F] 517/576  8496s elapsed
  [F] 518/576  8517s elapsed
  [F] 519/576  8527s elapsed
  [F] 520/576  8529s elapsed
  [F] 521/576  8537s elapsed
  [F] 522/576  8542s elapsed
  [F] 523/576  8576s elapsed
  [F] 524/576  8592s elapsed
  [F] 525/576  8594s elapsed
  [F] 526/576  8598s elapsed
  [F] 527/576  8611s elapsed
  [F] 528/576  8622s elapsed
  [F] 529/576  8633s elapsed
  [F] 530/576  8641s elapsed
  [F] 531/576  8658s elapsed
  [F] 532/576  8672s elapsed
  [F] 533/576  8678s elapsed
  [F] 534/576  8700s elapsed
  [F] 535/576  8705s elapsed
  [F] 536/576  8716s elapsed
  [F] 537/576  8730s elapsed
  [F] 538/576  8741s elapsed
  [F] 539/576  8750s elapsed
  [F] 540/576  8773s elapsed
  [F] 541/576  8774s elapsed
  [F] 542/576  8796s elapsed
  [F] 543/576  8796s elapsed
  [F] 544/576  8812s elapsed
  [F] 545/576  8818s elapsed
  [F] 546/576  8832s elapsed
  [F] 547/576  8844s elapsed
  [F] 548/576  8861s elapsed
  [F] 549/576  8865s elapsed
  [F] 550/576  8870s elapsed
  [F] 551/576  8893s elapsed
  [F] 552/576  8896s elapsed
  [F] 553/576  8897s elapsed
  [F] 554/576  8905s elapsed
  [F] 555/576  8928s elapsed
  [F] 556/576  8956s elapsed
  [F] 557/576  8964s elapsed
  [F] 558/576  8968s elapsed
  [F] 559/576  8978s elapsed
  [F] 560/576  8999s elapsed
  [F] 561/576  9005s elapsed
  [F] 562/576  9017s elapsed
  [F] 563/576  9039s elapsed
  [F] 564/576  9051s elapsed
  [F] 565/576  9056s elapsed
  [F] 566/576  9081s elapsed
  [F] 567/576  9086s elapsed
  [F] 568/576  9090s elapsed
  [F] 569/576  9109s elapsed
  [F] 570/576  9111s elapsed
  [F] 571/576  9131s elapsed
  [F] 572/576  9148s elapsed
  [F] 573/576  9158s elapsed
  [F] 574/576  9174s elapsed
  [F] 575/576  9188s elapsed
  [F] 576/576  9189s elapsed
[saved] /home/omersayilgan/Desktop/ThesisGit/Python/fault_onset_study/results/F_samples.csv  (576 rows)

[saved] results/F_samples.csv  (576 rows)

landing rate by plant:
  healthy_y1.5             0.917  [0.804, 0.967]  (44/48)
  engout_y1.5              0.000  [0.000, 0.074]  (0/48)
  eta50_y1.5               0.812  [0.681, 0.898]  (39/48)
  eta15_y1.5               0.000  [0.000, 0.074]  (0/48)
  gimbal_slow_y1.5         0.479  [0.345, 0.617]  (23/48)
  gimbal_undamped_y1.5     0.583  [0.443, 0.712]  (28/48)
  healthy_y0.25            0.896  [0.778, 0.955]  (43/48)
  engout_y0.25             0.708  [0.568, 0.818]  (34/48)
  eta50_y0.25              0.854  [0.728, 0.928]  (41/48)
  eta15_y0.25              0.833  [0.704, 0.913]  (40/48)
  gimbal_slow_y0.25        0.479  [0.345, 0.617]  (23/48)
  gimbal_undamped_y0.25    0.562  [0.423, 0.693]  (27/48)

Study F complete.
