Study G — 16 faults x 5 regimes x 10 ICs = 800 solves
  [approach] admissible 1.000 (128/128); rejects: {}
  [dispersed] admissible 0.875 (112/128); rejects: {'outside_glide_cone': 16}
  [upset] admissible 1.000 (128/128); rejects: {}
  [low_late] admissible 0.797 (102/128); rejects: {'outside_glide_cone': 26}
  [critical] admissible 0.828 (106/128); rejects: {'outside_glide_cone': 22}
  [G] 1/800  19s elapsed
  [G] 2/800  24s elapsed
  [G] 3/800  28s elapsed
  [G] 4/800  28s elapsed
  [G] 5/800  32s elapsed
  [G] 6/800  47s elapsed
  [G] 7/800  54s elapsed
  [G] 8/800  55s elapsed
  [G] 9/800  63s elapsed
  [G] 10/800  83s elapsed
  [G] 11/800  88s elapsed
  [G] 12/800  92s elapsed
  [G] 13/800  100s elapsed
  [G] 14/800  108s elapsed
  [G] 15/800  126s elapsed
  [G] 16/800  127s elapsed
  [G] 17/800  132s elapsed
  [G] 18/800  150s elapsed
  [G] 19/800  151s elapsed
  [G] 20/800  185s elapsed
  [G] 21/800  196s elapsed
  [G] 22/800  287s elapsed
  [G] 23/800  410s elapsed
  [G] 24/800  450s elapsed
  [G] 25/800  559s elapsed
  [G] 26/800  654s elapsed
  [G] 27/800  666s elapsed
  [G] 28/800  705s elapsed
  [G] 29/800  705s elapsed
  [G] 30/800  735s elapsed
  [G] 31/800  752s elapsed
  [G] 32/800  757s elapsed
  [G] 33/800  781s elapsed
  [G] 34/800  787s elapsed
  [G] 35/800  792s elapsed
  [G] 36/800  812s elapsed
  [G] 37/800  821s elapsed
  [G] 38/800  827s elapsed
  [G] 39/800  841s elapsed
  [G] 40/800  859s elapsed
  [G] 41/800  867s elapsed
  [G] 42/800  882s elapsed
  [G] 43/800  883s elapsed
  [G] 44/800  889s elapsed
  [G] 45/800  908s elapsed
  [G] 46/800  914s elapsed
  [G] 47/800  925s elapsed
  [G] 48/800  928s elapsed
  [G] 49/800  954s elapsed
  [G] 50/800  979s elapsed
  [G] 51/800  1071s elapsed
  [G] 52/800  1088s elapsed
  [G] 53/800  1136s elapsed
  [G] 54/800  1136s elapsed
  [G] 55/800  1148s elapsed
  [G] 56/800  1267s elapsed
  [G] 57/800  1287s elapsed
  [G] 58/800  1309s elapsed
  [G] 59/800  1322s elapsed
  [G] 60/800  1326s elapsed
  [G] 61/800  1365s elapsed
  [G] 62/800  1375s elapsed
  [G] 63/800  1383s elapsed
  [G] 64/800  1383s elapsed
  [G] 65/800  1410s elapsed
  [G] 66/800  1411s elapsed
  [G] 67/800  1414s elapsed
  [G] 68/800  1420s elapsed
  [G] 69/800  1436s elapsed
  [G] 70/800  1450s elapsed
  [G] 71/800  1451s elapsed
  [G] 72/800  1471s elapsed
  [G] 73/800  1483s elapsed
  [G] 74/800  1490s elapsed
  [G] 75/800  1494s elapsed
  [G] 76/800  1501s elapsed
  [G] 77/800  1511s elapsed
  [G] 78/800  1525s elapsed
  [G] 79/800  1534s elapsed
  [G] 80/800  1547s elapsed
  [G] 81/800  1550s elapsed
  [G] 82/800  1571s elapsed
  [G] 83/800  1574s elapsed
  [G] 84/800  1591s elapsed
  [G] 85/800  1592s elapsed
  [G] 86/800  1594s elapsed
  [G] 87/800  1608s elapsed
  [G] 88/800  1625s elapsed
  [G] 89/800  1635s elapsed
  [G] 90/800  1649s elapsed
  [G] 91/800  1649s elapsed
  [G] 92/800  1656s elapsed
  [G] 93/800  1694s elapsed
  [G] 94/800  1696s elapsed
  [G] 95/800  1709s elapsed
  [G] 96/800  1711s elapsed
  [G] 97/800  1716s elapsed
  [G] 98/800  1739s elapsed
  [G] 99/800  1749s elapsed
  [G] 100/800  1750s elapsed
  [G] 101/800  1757s elapsed
  [G] 102/800  1774s elapsed
  [G] 103/800  1789s elapsed
  [G] 104/800  1791s elapsed
  [G] 105/800  1797s elapsed
  [G] 106/800  1802s elapsed
  [G] 107/800  1813s elapsed
  [G] 108/800  1829s elapsed
  [G] 109/800  1844s elapsed
  [G] 110/800  1848s elapsed
  [G] 111/800  1857s elapsed
  [G] 112/800  1864s elapsed
  [G] 113/800  1870s elapsed
  [G] 114/800  1884s elapsed
  [G] 115/800  1891s elapsed
  [G] 116/800  1893s elapsed
  [G] 117/800  1897s elapsed
  [G] 118/800  1914s elapsed
  [G] 119/800  1914s elapsed
  [G] 120/800  1925s elapsed
  [G] 121/800  1925s elapsed
  [G] 122/800  1932s elapsed
  [G] 123/800  1950s elapsed
  [G] 124/800  1955s elapsed
  [G] 125/800  1961s elapsed
  [G] 126/800  1964s elapsed
  [G] 127/800  1966s elapsed
  [G] 128/800  1984s elapsed
  [G] 129/800  1989s elapsed
  [G] 130/800  1993s elapsed
  [G] 131/800  2001s elapsed
  [G] 132/800  2003s elapsed
  [G] 133/800  2022s elapsed
  [G] 134/800  2031s elapsed
  [G] 135/800  2033s elapsed
  [G] 136/800  2035s elapsed
  [G] 137/800  2036s elapsed
  [G] 138/800  2059s elapsed
  [G] 139/800  2061s elapsed
  [G] 140/800  2064s elapsed
  [G] 141/800  2078s elapsed
  [G] 142/800  2094s elapsed
  [G] 143/800  2094s elapsed
  [G] 144/800  2103s elapsed
  [G] 145/800  2105s elapsed
  [G] 146/800  2120s elapsed
  [G] 147/800  2123s elapsed
  [G] 148/800  2130s elapsed
  [G] 149/800  2137s elapsed
  [G] 150/800  2147s elapsed
  [G] 151/800  2151s elapsed
  [G] 152/800  2155s elapsed
  [G] 153/800  2166s elapsed
  [G] 154/800  2168s elapsed
  [G] 155/800  2175s elapsed
  [G] 156/800  2180s elapsed
  [G] 157/800  2194s elapsed
  [G] 158/800  2197s elapsed
  [G] 159/800  2205s elapsed
  [G] 160/800  2207s elapsed
  [G] 161/800  2222s elapsed
  [G] 162/800  2225s elapsed
  [G] 163/800  2226s elapsed
  [G] 164/800  2228s elapsed
  [G] 165/800  2237s elapsed
  [G] 166/800  2242s elapsed
  [G] 167/800  2246s elapsed
  [G] 168/800  2257s elapsed
  [G] 169/800  2261s elapsed
  [G] 170/800  2274s elapsed
  [G] 171/800  2279s elapsed
  [G] 172/800  2281s elapsed
  [G] 173/800  2294s elapsed
  [G] 174/800  2295s elapsed
  [G] 175/800  2296s elapsed
  [G] 176/800  2300s elapsed
  [G] 177/800  2310s elapsed
  [G] 178/800  2311s elapsed
  [G] 179/800  2324s elapsed
  [G] 180/800  2327s elapsed
  [G] 181/800  2407s elapsed
  [G] 182/800  2417s elapsed
  [G] 183/800  2433s elapsed
  [G] 184/800  2436s elapsed
  [G] 185/800  2467s elapsed
  [G] 186/800  2478s elapsed
  [G] 187/800  2504s elapsed
  [G] 188/800  2508s elapsed
  [G] 189/800  2532s elapsed
  [G] 190/800  2540s elapsed
  [G] 191/800  2560s elapsed
  [G] 192/800  2560s elapsed
  [G] 193/800  2565s elapsed
  [G] 194/800  2580s elapsed
  [G] 195/800  2596s elapsed
  [G] 196/800  2596s elapsed
  [G] 197/800  2605s elapsed
  [G] 198/800  2629s elapsed
  [G] 199/800  2629s elapsed
  [G] 200/800  2650s elapsed
  [G] 201/800  2657s elapsed
  [G] 202/800  2662s elapsed
  [G] 203/800  2665s elapsed
  [G] 204/800  2670s elapsed
  [G] 205/800  2681s elapsed
  [G] 206/800  2687s elapsed
  [G] 207/800  2692s elapsed
  [G] 208/800  2711s elapsed
  [G] 209/800  2721s elapsed
  [G] 210/800  2726s elapsed
  [G] 211/800  2847s elapsed
  [G] 212/800  2853s elapsed
  [G] 213/800  2861s elapsed
  [G] 214/800  2872s elapsed
  [G] 215/800  2897s elapsed
  [G] 216/800  2949s elapsed
  [G] 217/800  2970s elapsed
  [G] 218/800  2980s elapsed
  [G] 219/800  3004s elapsed
  [G] 220/800  3006s elapsed
  [G] 221/800  3024s elapsed
  [G] 222/800  3031s elapsed
  [G] 223/800  3040s elapsed
  [G] 224/800  3051s elapsed
  [G] 225/800  3051s elapsed
  [G] 226/800  3059s elapsed
  [G] 227/800  3067s elapsed
  [G] 228/800  3074s elapsed
  [G] 229/800  3079s elapsed
  [G] 230/800  3083s elapsed
  [G] 231/800  3086s elapsed
  [G] 232/800  3102s elapsed
  [G] 233/800  3117s elapsed
  [G] 234/800  3124s elapsed
  [G] 235/800  3128s elapsed
  [G] 236/800  3135s elapsed
  [G] 237/800  3140s elapsed
  [G] 238/800  3140s elapsed
  [G] 239/800  3153s elapsed
  [G] 240/800  3168s elapsed
  [G] 241/800  3172s elapsed
  [G] 242/800  3182s elapsed
  [G] 243/800  3187s elapsed
  [G] 244/800  3187s elapsed
  [G] 245/800  3195s elapsed
  [G] 246/800  3201s elapsed
  [G] 247/800  3203s elapsed
  [G] 248/800  3211s elapsed
  [G] 249/800  3216s elapsed
  [G] 250/800  3233s elapsed
  [G] 251/800  3237s elapsed
  [G] 252/800  3238s elapsed
  [G] 253/800  3250s elapsed
  [G] 254/800  3252s elapsed
  [G] 255/800  3256s elapsed
  [G] 256/800  3256s elapsed
  [G] 257/800  3271s elapsed
  [G] 258/800  3271s elapsed
  [G] 259/800  3283s elapsed
  [G] 260/800  3297s elapsed
  [G] 261/800  3300s elapsed
  [G] 262/800  3302s elapsed
  [G] 263/800  3304s elapsed
  [G] 264/800  3316s elapsed
  [G] 265/800  3317s elapsed
  [G] 266/800  3322s elapsed
  [G] 267/800  3332s elapsed
  [G] 268/800  3332s elapsed
  [G] 269/800  3332s elapsed
  [G] 270/800  3349s elapsed
  [G] 271/800  3356s elapsed
  [G] 272/800  3361s elapsed
  [G] 273/800  3365s elapsed
  [G] 274/800  3369s elapsed
  [G] 275/800  3372s elapsed
  [G] 276/800  3379s elapsed
  [G] 277/800  3385s elapsed
  [G] 278/800  3403s elapsed
  [G] 279/800  3409s elapsed
  [G] 280/800  3411s elapsed
  [G] 281/800  3418s elapsed
  [G] 282/800  3420s elapsed
  [G] 283/800  3427s elapsed
  [G] 284/800  3429s elapsed
  [G] 285/800  3441s elapsed
  [G] 286/800  3447s elapsed
  [G] 287/800  3448s elapsed
  [G] 288/800  3449s elapsed
  [G] 289/800  3458s elapsed
  [G] 290/800  3472s elapsed
  [G] 291/800  3475s elapsed
  [G] 292/800  3482s elapsed
  [G] 293/800  3482s elapsed
  [G] 294/800  3483s elapsed
  [G] 295/800  3492s elapsed
  [G] 296/800  3501s elapsed
  [G] 297/800  3503s elapsed
  [G] 298/800  3523s elapsed
  [G] 299/800  3527s elapsed
  [G] 300/800  3534s elapsed
  [G] 301/800  3537s elapsed
  [G] 302/800  3540s elapsed
  [G] 303/800  3548s elapsed
  [G] 304/800  3553s elapsed
  [G] 305/800  3563s elapsed
  [G] 306/800  3568s elapsed
  [G] 307/800  3571s elapsed
  [G] 308/800  3571s elapsed
  [G] 309/800  3578s elapsed
  [G] 310/800  3593s elapsed
  [G] 311/800  3596s elapsed
  [G] 312/800  3608s elapsed
  [G] 313/800  3610s elapsed
  [G] 314/800  3614s elapsed
  [G] 315/800  3628s elapsed
  [G] 316/800  3631s elapsed
  [G] 317/800  3633s elapsed
  [G] 318/800  3639s elapsed
  [G] 319/800  3645s elapsed
  [G] 320/800  3650s elapsed
  [G] 321/800  3660s elapsed
  [G] 322/800  3663s elapsed
  [G] 323/800  3669s elapsed
  [G] 324/800  3670s elapsed
  [G] 325/800  3677s elapsed
  [G] 326/800  3682s elapsed
  [G] 327/800  3691s elapsed
  [G] 328/800  3700s elapsed
  [G] 329/800  3703s elapsed
  [G] 330/800  3707s elapsed
  [G] 331/800  3707s elapsed
  [G] 332/800  3708s elapsed
  [G] 333/800  3724s elapsed
  [G] 334/800  3727s elapsed
  [G] 335/800  3730s elapsed
  [G] 336/800  3730s elapsed
  [G] 337/800  3733s elapsed
  [G] 338/800  3750s elapsed
  [G] 339/800  3757s elapsed
  [G] 340/800  3760s elapsed
  [G] 341/800  3869s elapsed
  [G] 342/800  3897s elapsed
  [G] 343/800  3900s elapsed
  [G] 344/800  3920s elapsed
  [G] 345/800  3964s elapsed
  [G] 346/800  4006s elapsed
  [G] 347/800  4029s elapsed
  [G] 348/800  4036s elapsed
  [G] 349/800  4049s elapsed
  [G] 350/800  4058s elapsed
  [G] 351/800  4066s elapsed
  [G] 352/800  4072s elapsed
  [G] 353/800  4078s elapsed
  [G] 354/800  4082s elapsed
  [G] 355/800  4094s elapsed
  [G] 356/800  4095s elapsed
  [G] 357/800  4107s elapsed
  [G] 358/800  4113s elapsed
  [G] 359/800  4120s elapsed
  [G] 360/800  4120s elapsed
  [G] 361/800  4125s elapsed
  [G] 362/800  4125s elapsed
  [G] 363/800  4146s elapsed
  [G] 364/800  4147s elapsed
  [G] 365/800  4151s elapsed
  [G] 366/800  4153s elapsed
  [G] 367/800  4154s elapsed
  [G] 368/800  4172s elapsed
  [G] 369/800  4196s elapsed
  [G] 370/800  4198s elapsed
  [G] 371/800  4242s elapsed
  [G] 372/800  4281s elapsed
  [G] 373/800  4305s elapsed
  [G] 374/800  4332s elapsed
  [G] 375/800  4342s elapsed
  [G] 376/800  4359s elapsed
  [G] 377/800  4384s elapsed
  [G] 378/800  4402s elapsed
  [G] 379/800  4408s elapsed
  [G] 380/800  4434s elapsed
  [G] 381/800  4443s elapsed
  [G] 382/800  4448s elapsed
  [G] 383/800  4451s elapsed
  [G] 384/800  4464s elapsed
  [G] 385/800  4469s elapsed
  [G] 386/800  4469s elapsed
  [G] 387/800  4472s elapsed
  [G] 388/800  4486s elapsed
  [G] 389/800  4488s elapsed
  [G] 390/800  4490s elapsed
  [G] 391/800  4508s elapsed
  [G] 392/800  4509s elapsed
  [G] 393/800  4522s elapsed
  [G] 394/800  4528s elapsed
  [G] 395/800  4539s elapsed
  [G] 396/800  4541s elapsed
  [G] 397/800  4551s elapsed
  [G] 398/800  4563s elapsed
  [G] 399/800  4565s elapsed
  [G] 400/800  4569s elapsed
  [G] 401/800  4571s elapsed
  [G] 402/800  4586s elapsed
  [G] 403/800  4590s elapsed
  [G] 404/800  4594s elapsed
  [G] 405/800  4607s elapsed
  [G] 406/800  4609s elapsed
  [G] 407/800  4614s elapsed
  [G] 408/800  4614s elapsed
  [G] 409/800  4619s elapsed
  [G] 410/800  4630s elapsed
  [G] 411/800  4632s elapsed
  [G] 412/800  4648s elapsed
  [G] 413/800  4650s elapsed
  [G] 414/800  4651s elapsed
  [G] 415/800  4661s elapsed
  [G] 416/800  4666s elapsed
  [G] 417/800  4679s elapsed
  [G] 418/800  4683s elapsed
  [G] 419/800  4688s elapsed
  [G] 420/800  4690s elapsed
  [G] 421/800  4692s elapsed
  [G] 422/800  4696s elapsed
  [G] 423/800  4713s elapsed
  [G] 424/800  4716s elapsed
  [G] 425/800  4718s elapsed
  [G] 426/800  4719s elapsed
  [G] 427/800  4721s elapsed
  [G] 428/800  4739s elapsed
  [G] 429/800  4739s elapsed
  [G] 430/800  4742s elapsed
  [G] 431/800  4746s elapsed
  [G] 432/800  4756s elapsed
  [G] 433/800  4767s elapsed
  [G] 434/800  4770s elapsed
  [G] 435/800  4776s elapsed
  [G] 436/800  4780s elapsed
  [G] 437/800  4781s elapsed
  [G] 438/800  4796s elapsed
  [G] 439/800  4797s elapsed
  [G] 440/800  4798s elapsed
  [G] 441/800  4805s elapsed
  [G] 442/800  4805s elapsed
  [G] 443/800  4817s elapsed
  [G] 444/800  4827s elapsed
  [G] 445/800  4827s elapsed
  [G] 446/800  4828s elapsed
  [G] 447/800  4835s elapsed
  [G] 448/800  4842s elapsed
  [G] 449/800  4852s elapsed
  [G] 450/800  4852s elapsed
  [G] 451/800  4853s elapsed
  [G] 452/800  4857s elapsed
  [G] 453/800  4871s elapsed
  [G] 454/800  4879s elapsed
  [G] 455/800  4879s elapsed
  [G] 456/800  4881s elapsed
  [G] 457/800  4885s elapsed
  [G] 458/800  4902s elapsed
  [G] 459/800  4905s elapsed
  [G] 460/800  4908s elapsed
  [G] 461/800  4910s elapsed
  [G] 462/800  4924s elapsed
  [G] 463/800  4933s elapsed
  [G] 464/800  4933s elapsed
  [G] 465/800  4937s elapsed
  [G] 466/800  4943s elapsed
  [G] 467/800  4943s elapsed
  [G] 468/800  4963s elapsed
  [G] 469/800  4965s elapsed
  [G] 470/800  4965s elapsed
  [G] 471/800  4971s elapsed
  [G] 472/800  4972s elapsed
  [G] 473/800  4992s elapsed
  [G] 474/800  4992s elapsed
  [G] 475/800  4994s elapsed
  [G] 476/800  4999s elapsed
  [G] 477/800  5001s elapsed
  [G] 478/800  5010s elapsed
  [G] 479/800  5013s elapsed
  [G] 480/800  5016s elapsed
  [G] 481/800  5017s elapsed
  [G] 482/800  5021s elapsed
  [G] 483/800  5021s elapsed
  [G] 484/800  5024s elapsed
  [G] 485/800  5027s elapsed
  [G] 486/800  5032s elapsed
  [G] 487/800  5033s elapsed
  [G] 488/800  5035s elapsed
  [G] 489/800  5043s elapsed
  [G] 490/800  5045s elapsed
  [G] 491/800  5054s elapsed
  [G] 492/800  5065s elapsed
  [G] 493/800  5076s elapsed
  [G] 494/800  5083s elapsed
  [G] 495/800  5086s elapsed
  [G] 496/800  5093s elapsed
  [G] 497/800  5095s elapsed
  [G] 498/800  5110s elapsed
  [G] 499/800  5119s elapsed
  [G] 500/800  5129s elapsed
  [G] 501/800  5172s elapsed
  [G] 502/800  5173s elapsed
  [G] 503/800  5181s elapsed
  [G] 504/800  5197s elapsed
  [G] 505/800  5225s elapsed
  [G] 506/800  5272s elapsed
  [G] 507/800  5278s elapsed
  [G] 508/800  5279s elapsed
  [G] 509/800  5284s elapsed
  [G] 510/800  5291s elapsed
  [G] 511/800  5292s elapsed
  [G] 512/800  5294s elapsed
  [G] 513/800  5296s elapsed
  [G] 514/800  5302s elapsed
  [G] 515/800  5305s elapsed
  [G] 516/800  5308s elapsed
  [G] 517/800  5315s elapsed
  [G] 518/800  5320s elapsed
  [G] 519/800  5324s elapsed
  [G] 520/800  5329s elapsed
  [G] 521/800  5331s elapsed
  [G] 522/800  5337s elapsed
  [G] 523/800  5343s elapsed
  [G] 524/800  5349s elapsed
  [G] 525/800  5353s elapsed
  [G] 526/800  5359s elapsed
  [G] 527/800  5363s elapsed
  [G] 528/800  5366s elapsed
  [G] 529/800  5377s elapsed
  [G] 530/800  5419s elapsed
  [G] 531/800  5423s elapsed
  [G] 532/800  5426s elapsed
  [G] 533/800  5429s elapsed
  [G] 534/800  5440s elapsed
  [G] 535/800  5476s elapsed
  [G] 536/800  5500s elapsed
  [G] 537/800  5506s elapsed
  [G] 538/800  5507s elapsed
  [G] 539/800  5508s elapsed
  [G] 540/800  5514s elapsed
  [G] 541/800  5518s elapsed
  [G] 542/800  5519s elapsed
  [G] 543/800  5520s elapsed
  [G] 544/800  5527s elapsed
  [G] 545/800  5531s elapsed
  [G] 546/800  5532s elapsed
  [G] 547/800  5544s elapsed
  [G] 548/800  5558s elapsed
  [G] 549/800  5569s elapsed
  [G] 550/800  5570s elapsed
  [G] 551/800  5576s elapsed
  [G] 552/800  5580s elapsed
  [G] 553/800  5581s elapsed
  [G] 554/800  5592s elapsed
  [G] 555/800  5593s elapsed
  [G] 556/800  5598s elapsed
  [G] 557/800  5603s elapsed
  [G] 558/800  5604s elapsed
  [G] 559/800  5610s elapsed
  [G] 560/800  5616s elapsed
  [G] 561/800  5616s elapsed
  [G] 562/800  5621s elapsed
  [G] 563/800  5627s elapsed
  [G] 564/800  5627s elapsed
  [G] 565/800  5634s elapsed
  [G] 566/800  5639s elapsed
  [G] 567/800  5639s elapsed
  [G] 568/800  5651s elapsed
  [G] 569/800  5653s elapsed
  [G] 570/800  5654s elapsed
  [G] 571/800  5661s elapsed
  [G] 572/800  5663s elapsed
  [G] 573/800  5664s elapsed
  [G] 574/800  5665s elapsed
  [G] 575/800  5675s elapsed
  [G] 576/800  5676s elapsed
  [G] 577/800  5677s elapsed
  [G] 578/800  5688s elapsed
  [G] 579/800  5690s elapsed
  [G] 580/800  5692s elapsed
  [G] 581/800  5700s elapsed
  [G] 582/800  5702s elapsed
  [G] 583/800  5703s elapsed
  [G] 584/800  5715s elapsed
  [G] 585/800  5715s elapsed
  [G] 586/800  5715s elapsed
  [G] 587/800  5728s elapsed
  [G] 588/800  5728s elapsed
  [G] 589/800  5729s elapsed
  [G] 590/800  5740s elapsed
  [G] 591/800  5740s elapsed
  [G] 592/800  5741s elapsed
  [G] 593/800  5749s elapsed
  [G] 594/800  5752s elapsed
  [G] 595/800  5755s elapsed
  [G] 596/800  5763s elapsed
  [G] 597/800  5764s elapsed
  [G] 598/800  5775s elapsed
  [G] 599/800  5778s elapsed
  [G] 600/800  5779s elapsed
  [G] 601/800  5787s elapsed
  [G] 602/800  5789s elapsed
  [G] 603/800  5791s elapsed
  [G] 604/800  5795s elapsed
  [G] 605/800  5802s elapsed
  [G] 606/800  5804s elapsed
  [G] 607/800  5807s elapsed
  [G] 608/800  5808s elapsed
  [G] 609/800  5815s elapsed
  [G] 610/800  5819s elapsed
  [G] 611/800  5820s elapsed
  [G] 612/800  5827s elapsed
  [G] 613/800  5832s elapsed
  [G] 614/800  5834s elapsed
  [G] 615/800  5841s elapsed
  [G] 616/800  5845s elapsed
  [G] 617/800  5857s elapsed
  [G] 618/800  5864s elapsed
  [G] 619/800  5869s elapsed
  [G] 620/800  5869s elapsed
  [G] 621/800  5875s elapsed
  [G] 622/800  5881s elapsed
  [G] 623/800  5882s elapsed
  [G] 624/800  5891s elapsed
  [G] 625/800  5892s elapsed
  [G] 626/800  5894s elapsed
  [G] 627/800  5894s elapsed
  [G] 628/800  5906s elapsed
  [G] 629/800  5909s elapsed
  [G] 630/800  5919s elapsed
  [G] 631/800  5921s elapsed
  [G] 632/800  5931s elapsed
  [G] 633/800  5938s elapsed
  [G] 634/800  5943s elapsed
  [G] 635/800  5951s elapsed
  [G] 636/800  5951s elapsed
  [G] 637/800  5952s elapsed
  [G] 638/800  5957s elapsed
  [G] 639/800  5964s elapsed
  [G] 640/800  5965s elapsed
  [G] 641/800  5974s elapsed
  [G] 642/800  5976s elapsed
  [G] 643/800  5977s elapsed
  [G] 644/800  5988s elapsed
  [G] 645/800  5991s elapsed
  [G] 646/800  6007s elapsed
  [G] 647/800  6016s elapsed
  [G] 648/800  6018s elapsed
  [G] 649/800  6029s elapsed
  [G] 650/800  6039s elapsed
  [G] 651/800  6041s elapsed
  [G] 652/800  6053s elapsed
  [G] 653/800  6059s elapsed
  [G] 654/800  6068s elapsed
  [G] 655/800  6094s elapsed
  [G] 656/800  6099s elapsed
  [G] 657/800  6107s elapsed
  [G] 658/800  6115s elapsed
  [G] 659/800  6126s elapsed
  [G] 660/800  6138s elapsed
  [G] 661/800  6180s elapsed
  [G] 662/800  6192s elapsed
  [G] 663/800  6200s elapsed
  [G] 664/800  6205s elapsed
  [G] 665/800  6212s elapsed
  [G] 666/800  6270s elapsed
  [G] 667/800  6271s elapsed
  [G] 668/800  6282s elapsed
  [G] 669/800  6285s elapsed
  [G] 670/800  6286s elapsed
  [G] 671/800  6297s elapsed
  [G] 672/800  6299s elapsed
  [G] 673/800  6303s elapsed
  [G] 674/800  6313s elapsed
  [G] 675/800  6314s elapsed
  [G] 676/800  6325s elapsed
  [G] 677/800  6333s elapsed
  [G] 678/800  6342s elapsed
  [G] 679/800  6343s elapsed
  [G] 680/800  6347s elapsed
  [G] 681/800  6357s elapsed
  [G] 682/800  6364s elapsed
  [G] 683/800  6367s elapsed
  [G] 684/800  6373s elapsed
  [G] 685/800  6383s elapsed
  [G] 686/800  6385s elapsed
  [G] 687/800  6400s elapsed
  [G] 688/800  6403s elapsed
  [G] 689/800  6425s elapsed
  [G] 690/800  6445s elapsed
  [G] 691/800  6463s elapsed
  [G] 692/800  6468s elapsed
  [G] 693/800  6476s elapsed
  [G] 694/800  6520s elapsed
  [G] 695/800  6523s elapsed
  [G] 696/800  6543s elapsed
  [G] 697/800  6547s elapsed
  [G] 698/800  6549s elapsed
  [G] 699/800  6560s elapsed
  [G] 700/800  6572s elapsed
  [G] 701/800  6583s elapsed
  [G] 702/800  6604s elapsed
  [G] 703/800  6605s elapsed
  [G] 704/800  6614s elapsed
  [G] 705/800  6617s elapsed
  [G] 706/800  6633s elapsed
  [G] 707/800  6644s elapsed
  [G] 708/800  6658s elapsed
  [G] 709/800  6659s elapsed
  [G] 710/800  6666s elapsed
  [G] 711/800  6669s elapsed
  [G] 712/800  6670s elapsed
  [G] 713/800  6670s elapsed
  [G] 714/800  6682s elapsed
  [G] 715/800  6693s elapsed
  [G] 716/800  6695s elapsed
  [G] 717/800  6697s elapsed
  [G] 718/800  6706s elapsed
  [G] 719/800  6722s elapsed
  [G] 720/800  6724s elapsed
  [G] 721/800  6732s elapsed
  [G] 722/800  6733s elapsed
  [G] 723/800  6736s elapsed
  [G] 724/800  6737s elapsed
  [G] 725/800  6746s elapsed
  [G] 726/800  6747s elapsed
  [G] 727/800  6747s elapsed
  [G] 728/800  6760s elapsed
  [G] 729/800  6778s elapsed
  [G] 730/800  6782s elapsed
  [G] 731/800  6789s elapsed
  [G] 732/800  6792s elapsed
  [G] 733/800  6794s elapsed
  [G] 734/800  6801s elapsed
  [G] 735/800  6805s elapsed
  [G] 736/800  6806s elapsed
  [G] 737/800  6811s elapsed
  [G] 738/800  6818s elapsed
  [G] 739/800  6823s elapsed
  [G] 740/800  6828s elapsed
  [G] 741/800  6834s elapsed
  [G] 742/800  6841s elapsed
  [G] 743/800  6847s elapsed
  [G] 744/800  6855s elapsed
  [G] 745/800  6857s elapsed
  [G] 746/800  6859s elapsed
  [G] 747/800  6869s elapsed
  [G] 748/800  6870s elapsed
  [G] 749/800  6883s elapsed
  [G] 750/800  6883s elapsed
  [G] 751/800  6894s elapsed
  [G] 752/800  6895s elapsed
  [G] 753/800  6896s elapsed
  [G] 754/800  6905s elapsed
  [G] 755/800  6907s elapsed
  [G] 756/800  6908s elapsed
  [G] 757/800  6910s elapsed
  [G] 758/800  6920s elapsed
  [G] 759/800  6924s elapsed
  [G] 760/800  6935s elapsed
  [G] 761/800  6947s elapsed
  [G] 762/800  6948s elapsed
  [G] 763/800  6948s elapsed
  [G] 764/800  6958s elapsed
  [G] 765/800  6959s elapsed
  [G] 766/800  6962s elapsed
  [G] 767/800  6968s elapsed
  [G] 768/800  6980s elapsed
  [G] 769/800  6994s elapsed
  [G] 770/800  7005s elapsed
  [G] 771/800  7006s elapsed
  [G] 772/800  7010s elapsed
  [G] 773/800  7017s elapsed
  [G] 774/800  7023s elapsed
  [G] 775/800  7025s elapsed
  [G] 776/800  7069s elapsed
  [G] 777/800  7069s elapsed
  [G] 778/800  7072s elapsed
  [G] 779/800  7081s elapsed
  [G] 780/800  7083s elapsed
  [G] 781/800  7083s elapsed
  [G] 782/800  7093s elapsed
  [G] 783/800  7106s elapsed
  [G] 784/800  42274s elapsed
  [G] 785/800  42289s elapsed
  [G] 786/800  42298s elapsed
  [G] 787/800  42309s elapsed
  [G] 788/800  42310s elapsed
  [G] 789/800  42321s elapsed
  [G] 790/800  42321s elapsed
  [G] 791/800  42321s elapsed
  [G] 792/800  42332s elapsed
  [G] 793/800  42332s elapsed
  [G] 794/800  42336s elapsed
  [G] 795/800  42343s elapsed
  [G] 796/800  42346s elapsed
  [G] 797/800  42362s elapsed
  [G] 798/800  42367s elapsed
  [G] 799/800  42382s elapsed
  [G] 800/800  42387s elapsed
[saved] /home/omersayilgan/Desktop/ThesisGit/studies/fault_taxonomy/results/G_samples.csv  (800 rows)

landing rate by fault x regime:
                            approach     dispersed         upset      low_late      critical
  healthy                  10/10          10/10          10/10           8/10           6/10     
  thrust_loss_50           10/10           9/10           7/10           5/10           2/10     
  thrust_loss_85            0/10           0/10           0/10           0/10           0/10     
  thrust_excess            10/10          10/10          10/10           8/10           6/10     
  valve_stuck_open         10/10           8/10           8/10           8/10           6/10     
  engine_out                0/10           0/10           0/10           0/10           0/10     
  slow_thrust              10/10          10/10           8/10           7/10           3/10     
  gimbal_slow              10/10           4/10           4/10           7/10           3/10     
  gimbal_underdamped       10/10           8/10           8/10           8/10           5/10     
  gimbal_seized            10/10           9/10           9/10           8/10           5/10     
  tvc_gain_loss            10/10          10/10          10/10           8/10           6/10     
  tvc_bias                 10/10          10/10          10/10           8/10           6/10     
  chugging                 10/10          10/10          10/10           8/10           6/10     
  dead_time                10/10           9/10           9/10           7/10           3/10     
  mixture_ratio            10/10           9/10           9/10           7/10           3/10     
  erosion_drift            10/10           8/10           8/10           8/10           6/10     

Study G complete.
