579 of 800 rows produced a trajectory; re-solving those to keep it
  [traj] 1/579  47s elapsed
  [traj] 2/579  59s elapsed
  [traj] 3/579  72s elapsed
  [traj] 4/579  77s elapsed
  [traj] 5/579  96s elapsed
  [traj] 6/579  106s elapsed
  [traj] 7/579  115s elapsed
  [traj] 8/579  131s elapsed
  [traj] 9/579  143s elapsed
  [traj] 10/579  168s elapsed
  [traj] 11/579  172s elapsed
  [traj] 12/579  172s elapsed
  [traj] 13/579  200s elapsed
  [traj] 14/579  217s elapsed
  [traj] 15/579  230s elapsed
  [traj] 16/579  231s elapsed
  [traj] 17/579  232s elapsed
  [traj] 18/579  268s elapsed
  [traj] 19/579  273s elapsed
  [traj] 20/579  284s elapsed
  [traj] 21/579  306s elapsed
  [traj] 22/579  339s elapsed
  [traj] 23/579  347s elapsed
  [traj] 24/579  353s elapsed
  [traj] 25/579  395s elapsed
  [traj] 26/579  405s elapsed
  [traj] 27/579  420s elapsed
  [traj] 28/579  433s elapsed
  [traj] 29/579  465s elapsed
  [traj] 30/579  478s elapsed
  [traj] 31/579  492s elapsed
  [traj] 32/579  508s elapsed
  [traj] 33/579  528s elapsed
  [traj] 34/579  546s elapsed
  [traj] 35/579  565s elapsed
  [traj] 36/579  572s elapsed
  [traj] 37/579  575s elapsed
  [traj] 38/579  603s elapsed
  [traj] 39/579  603s elapsed
  [traj] 40/579  626s elapsed
  [traj] 41/579  628s elapsed
  [traj] 42/579  658s elapsed
  [traj] 43/579  680s elapsed
  [traj] 44/579  683s elapsed
  [traj] 45/579  689s elapsed
  [traj] 46/579  694s elapsed
  [traj] 47/579  710s elapsed
  [traj] 48/579  733s elapsed
  [traj] 49/579  751s elapsed
  [traj] 50/579  757s elapsed
  [traj] 51/579  764s elapsed
  [traj] 52/579  794s elapsed
  [traj] 53/579  799s elapsed
  [traj] 54/579  818s elapsed
  [traj] 55/579  822s elapsed
  [traj] 56/579  831s elapsed
  [traj] 57/579  846s elapsed
  [traj] 58/579  870s elapsed
  [traj] 59/579  879s elapsed
  [traj] 60/579  886s elapsed
  [traj] 61/579  890s elapsed
  [traj] 62/579  897s elapsed
  [traj] 63/579  926s elapsed
  [traj] 64/579  928s elapsed
  [traj] 65/579  939s elapsed
  [traj] 66/579  939s elapsed
  [traj] 67/579  940s elapsed
  [traj] 68/579  971s elapsed
  [traj] 69/579  971s elapsed
  [traj] 70/579  977s elapsed
  [traj] 71/579  991s elapsed
  [traj] 72/579  1012s elapsed
  [traj] 73/579  1013s elapsed
  [traj] 74/579  1019s elapsed
  [traj] 75/579  1035s elapsed
  [traj] 76/579  1038s elapsed
  [traj] 77/579  1053s elapsed
  [traj] 78/579  1056s elapsed
  [traj] 79/579  1067s elapsed
  [traj] 80/579  1078s elapsed
  [traj] 81/579  1091s elapsed
  [traj] 82/579  1093s elapsed
  [traj] 83/579  1103s elapsed
  [traj] 84/579  1118s elapsed
  [traj] 85/579  1138s elapsed
  [traj] 86/579  1140s elapsed
  [traj] 87/579  1140s elapsed
  [traj] 88/579  1144s elapsed
  [traj] 89/579  1160s elapsed
  [traj] 90/579  1184s elapsed
  [traj] 91/579  1197s elapsed
  [traj] 92/579  1206s elapsed
  [traj] 93/579  1206s elapsed
  [traj] 94/579  1210s elapsed
  [traj] 95/579  1236s elapsed
  [traj] 96/579  1240s elapsed
  [traj] 97/579  1254s elapsed
  [traj] 98/579  1262s elapsed
  [traj] 99/579  1266s elapsed
  [traj] 100/579  1281s elapsed
  [traj] 101/579  1294s elapsed
  [traj] 102/579  1300s elapsed
  [traj] 103/579  1316s elapsed
  [traj] 104/579  1325s elapsed
  [traj] 105/579  1333s elapsed
  [traj] 106/579  1342s elapsed
  [traj] 107/579  1345s elapsed
  [traj] 108/579  1386s elapsed
  [traj] 109/579  1391s elapsed
  [traj] 110/579  1420s elapsed
  [traj] 111/579  1444s elapsed
  [traj] 112/579  1451s elapsed
  [traj] 113/579  1485s elapsed
  [traj] 114/579  1490s elapsed
  [traj] 115/579  1494s elapsed
  [traj] 116/579  1520s elapsed
  [traj] 117/579  1530s elapsed
  [traj] 118/579  1541s elapsed
  [traj] 119/579  1546s elapsed
  [traj] 120/579  1559s elapsed
  [traj] 121/579  1566s elapsed
  [traj] 122/579  1585s elapsed
  [traj] 123/579  1594s elapsed
  [traj] 124/579  1597s elapsed
  [traj] 125/579  1620s elapsed
  [traj] 126/579  1633s elapsed
  [traj] 127/579  1635s elapsed
  [traj] 128/579  1648s elapsed
  [traj] 129/579  1649s elapsed
  [traj] 130/579  1683s elapsed
  [traj] 131/579  1689s elapsed
  [traj] 132/579  1709s elapsed
  [traj] 133/579  1723s elapsed
  [traj] 134/579  1733s elapsed
  [traj] 135/579  1769s elapsed
  [traj] 136/579  1769s elapsed
  [traj] 137/579  1786s elapsed
  [traj] 138/579  1801s elapsed
  [traj] 139/579  1809s elapsed
  [traj] 140/579  1826s elapsed
  [traj] 141/579  1838s elapsed
  [traj] 142/579  1842s elapsed
  [traj] 143/579  1851s elapsed
  [traj] 144/579  1861s elapsed
  [traj] 145/579  1863s elapsed
  [traj] 146/579  1872s elapsed
  [traj] 147/579  1873s elapsed
  [traj] 148/579  1881s elapsed
  [traj] 149/579  1887s elapsed
  [traj] 150/579  1887s elapsed
  [traj] 151/579  1897s elapsed
  [traj] 152/579  1897s elapsed
  [traj] 153/579  1907s elapsed
  [traj] 154/579  1910s elapsed
  [traj] 155/579  1911s elapsed
  [traj] 156/579  1920s elapsed
  [traj] 157/579  1926s elapsed
  [traj] 158/579  1933s elapsed
  [traj] 159/579  1933s elapsed
  [traj] 160/579  1936s elapsed
  [traj] 161/579  1946s elapsed
  [traj] 162/579  1948s elapsed
  [traj] 163/579  1957s elapsed
  [traj] 164/579  1957s elapsed
  [traj] 165/579  1960s elapsed
  [traj] 166/579  1969s elapsed
  [traj] 167/579  1972s elapsed
  [traj] 168/579  1982s elapsed
  [traj] 169/579  1983s elapsed
  [traj] 170/579  1984s elapsed
  [traj] 171/579  1994s elapsed
  [traj] 172/579  1996s elapsed
  [traj] 173/579  2006s elapsed
  [traj] 174/579  2007s elapsed
  [traj] 175/579  2012s elapsed
  [traj] 176/579  2016s elapsed
  [traj] 177/579  2023s elapsed
  [traj] 178/579  2031s elapsed
  [traj] 179/579  2033s elapsed
  [traj] 180/579  2036s elapsed
  [traj] 181/579  2040s elapsed
  [traj] 182/579  2049s elapsed
  [traj] 183/579  2055s elapsed
  [traj] 184/579  2060s elapsed
  [traj] 185/579  2061s elapsed
  [traj] 186/579  2064s elapsed
  [traj] 187/579  2074s elapsed
  [traj] 188/579  2076s elapsed
  [traj] 189/579  2085s elapsed
  [traj] 190/579  2087s elapsed
  [traj] 191/579  2090s elapsed
  [traj] 192/579  2102s elapsed
  [traj] 193/579  2103s elapsed
  [traj] 194/579  2110s elapsed
  [traj] 195/579  2114s elapsed
  [traj] 196/579  2114s elapsed
  [traj] 197/579  2126s elapsed
  [traj] 198/579  2127s elapsed
  [traj] 199/579  2134s elapsed
  [traj] 200/579  2141s elapsed
  [traj] 201/579  2143s elapsed
  [traj] 202/579  2151s elapsed
  [traj] 203/579  2162s elapsed
  [traj] 204/579  2163s elapsed
  [traj] 205/579  2168s elapsed
  [traj] 206/579  2174s elapsed
  [traj] 207/579  2192s elapsed
  [traj] 208/579  2192s elapsed
  [traj] 209/579  2226s elapsed
  [traj] 210/579  2231s elapsed
  [traj] 211/579  2233s elapsed
  [traj] 212/579  2246s elapsed
  [traj] 213/579  2273s elapsed
  [traj] 214/579  2280s elapsed
  [traj] 215/579  2286s elapsed
  [traj] 216/579  2292s elapsed
  [traj] 217/579  2302s elapsed
  [traj] 218/579  2338s elapsed
  [traj] 219/579  2349s elapsed
  [traj] 220/579  2358s elapsed
  [traj] 221/579  2362s elapsed
  [traj] 222/579  2365s elapsed
  [traj] 223/579  2381s elapsed
  [traj] 224/579  2395s elapsed
  [traj] 225/579  2402s elapsed
  [traj] 226/579  2438s elapsed
  [traj] 227/579  2446s elapsed
  [traj] 228/579  2460s elapsed
  [traj] 229/579  2464s elapsed
  [traj] 230/579  2491s elapsed
  [traj] 231/579  2504s elapsed
  [traj] 232/579  2506s elapsed
  [traj] 233/579  2528s elapsed
  [traj] 234/579  2541s elapsed
  [traj] 235/579  2552s elapsed
  [traj] 236/579  2565s elapsed
  [traj] 237/579  2575s elapsed
  [traj] 238/579  2609s elapsed
  [traj] 239/579  2618s elapsed
  [traj] 240/579  2626s elapsed
  [traj] 241/579  2637s elapsed
  [traj] 242/579  2642s elapsed
  [traj] 243/579  2657s elapsed
  [traj] 244/579  2681s elapsed
  [traj] 245/579  2683s elapsed
  [traj] 246/579  2715s elapsed
  [traj] 247/579  2719s elapsed
  [traj] 248/579  2720s elapsed
  [traj] 249/579  2736s elapsed
  [traj] 250/579  2737s elapsed
  [traj] 251/579  2767s elapsed
  [traj] 252/579  2776s elapsed
  [traj] 253/579  2786s elapsed
  [traj] 254/579  2790s elapsed
  [traj] 255/579  2809s elapsed
  [traj] 256/579  2820s elapsed
  [traj] 257/579  2822s elapsed
  [traj] 258/579  2840s elapsed
  [traj] 259/579  2864s elapsed
  [traj] 260/579  2870s elapsed
  [traj] 261/579  2879s elapsed
  [traj] 262/579  2886s elapsed
  [traj] 263/579  2905s elapsed
  [traj] 264/579  2906s elapsed
  [traj] 265/579  2913s elapsed
  [traj] 266/579  2943s elapsed
  [traj] 267/579  2948s elapsed
  [traj] 268/579  2948s elap  [t  [traj] 269/579  2983s elapsed
  [traj] 270/579  2994s elapsed
  [traj] 271/579  3004s elapsed
  [traj] 272/579  3024s elapsed
  [traj] 273/579  3025s elapsed
  [traj] 274/579  3038s elapsed
  [traj] 275/579  3054s elapsed
  [traj] 276/579  3061s elapsed
  [traj] 277/579  3067s elapsed
  [traj] 278/579  3093s elapsed
  [traj] 279/579  3108s elapsed
  [traj] 280/579  3123s elapsed
  [traj] 281/579  3125s elapsed
  [traj] 282/579  3143s elapsed
  [traj] 283/579  3148s elapsed
  [traj] 284/579  3151s elapsed
  [traj] 285/579  3169s elapsed
  [traj] 286/579  3184s elapsed
  [traj] 287/579  3193s elapsed
  [traj] 288/579  3211s elapsed
  [traj] 289/579  3216s elapsed
  [traj] 290/579  3226s elapsed
  [traj] 291/579  3242s elapsed
  [traj] 292/579  3255s elapsed
  [traj] 293/579  3259s elapsed
  [traj] 294/579  3281s elapsed
  [traj] 295/579  3284s elapsed
  [traj] 296/579  3295s elapsed
  [traj] 297/579  3307s elap  [t  [traj] 298/579  3340s elapsed
  [traj] 299/579  3351s elapsed
  [traj] 300/579  3352s elapsed
  [traj] 301/579  3357s elap  [t  [traj] 302/579  3392s elapsed
  [traj] 303/579  3399s elapsed
  [traj] 304/579  3400s elapsed
  [traj] 305/579  3411s elapsed
  [traj] 306/579  3418s elapsed
  [traj] 307/579  3434s elapsed
  [traj] 308/579  3460s elapsed
  [traj] 309/579  3468s elap  [t  [traj] 310/579  3534s elapsed
  [traj] 311/579  3546s elap  [t  [traj] 312/579  3599s elapsed
  [traj] 313/579  3607s elapsed
  [traj] 314/579  3610s elapsed
  [traj] 315/579  3630s elapsed
  [traj] 316/579  3631s elapsed
  [traj] 317/579  3649s elapsed
  [traj] 318/579  3670s elapsed
  [traj] 319/579  3685s elapsed
  [traj] 320/579  3686s elapsed
  [traj] 321/579  3710s elapsed
  [traj] 322/579  3722s elapsed
  [traj] 323/579  3738s elapsed
  [traj] 324/579  3739s elapsed
  [traj] 325/579  3754s elapsed
  [traj] 326/579  3759s elapsed
  [traj] 327/579  3773s elapsed
  [traj] 328/579  3782s elapsed
  [traj] 329/579  3784s elapsed
  [traj] 330/579  3791s elapsed
  [traj] 331/579  3793s elapsed
  [traj] 332/579  3813s elap  [t  [traj] 333/579  3831s elapsed
  [traj] 334/579  3837s elapsed
  [traj] 335/579  3841s elap  [t  [traj] 336/579  3864s elapsed
  [traj] 337/579  3868s elapsed
  [traj] 338/579  3891s elapsed
  [traj] 339/579  3900s elapsed
  [traj] 340/579  3917s elapsed
  [traj] 341/579  3928s elapsed
  [traj] 342/579  3941s elapsed
  [traj] 343/579  3946s elapsed
  [traj] 344/579  3953s elapsed
  [traj] 345/579  3967s elapsed
  [traj] 346/579  3971s elapsed
  [traj] 347/579  3981s elapsed
  [traj] 348/579  3982s elapsed
  [traj] 349/579  3992s elapsed
  [traj] 350/579  3995s elapsed
  [traj] 351/579  3997s elapsed
  [traj] 352/579  4006s elapsed
  [traj] 353/579  4010s elapsed
  [traj] 354/579  4017s elapsed
  [traj] 355/579  4018s elapsed
  [traj] 356/579  4022s elapsed
  [traj] 357/579  4031s elapsed
  [traj] 358/579  4033s elapsed
  [traj] 359/579  4037s elapsed
  [traj] 360/579  4042s elapsed
  [traj] 361/579  4043s elapsed
  [traj] 362/579  4050s elapsed
  [traj] 363/579  4051s elapsed
  [traj] 364/579  4058s elapsed
  [traj] 365/579  4059s elapsed
  [traj] 366/579  4059s elapsed
  [traj] 367/579  4070s elapsed
  [traj] 368/579  4072s elapsed
  [traj] 369/579  4072s elapsed
  [traj] 370/579  4075s elapsed
  [traj] 371/579  4077s elapsed
  [traj] 372/579  4086s elapsed
  [traj] 373/579  4093s elapsed
  [traj] 374/579  4094s elapsed
  [traj] 375/579  4094s elapsed
  [traj] 376/579  4097s elapsed
  [traj] 377/579  4099s elap  [t  [traj] 378/579  4111s elapsed
  [traj] 379/579  4114s elapsed
  [traj] 380/579  4115s elapsed
  [traj] 381/579  4116s elapsed
  [traj] 382/579  4118s elapsed
  [traj] 383/579  4125s elapsed
  [traj] 384/579  4134s elapsed
  [traj] 385/579  4136s elapsed
  [traj] 386/579  4136s elapsed
  [traj] 387/579  4140s elapsed
  [traj] 388/579  4140s elap  [t  [traj] 389/579  4150s elapsed
  [traj] 390/579  4150s elapsed
  [traj] 391/579  4158s elapsed
  [traj] 392/579  4160s elapsed
  [traj] 393/579  4162s elapsed
  [traj] 394/579  4162s elap  [traj] 395/579  4218s elapsed
  [t  [traj] 396/579  4177s elapsed
  [traj] 397/579  4179s elap  [traj] 398/579  4232s elapsed
  [traj] 399/579  4232s elapsed
  [traj] 400/579  4238s elapsed
  [t  [traj] 401/579  4197s elapsed
  [traj] 402/579  4198s elapsed
  [traj] 403/579  4200s elap  [traj] 404/579  4255s elapsed
  [traj] 405/579  4259s elapsed
  [t  [traj] 406/579  4214s elapsed
  [traj] 407/579  4215s elapsed
  [traj] 408/579  4218s elap  [traj] 409/579  4277s elapsed
  [traj] 410/579  4278s elapsed
  [t  [traj] 411/579  4231s elap  [traj] 412/579  4286s elapsed
  [traj] 413/579  4290s elapsed
  [traj] 414/579  4297s elapsed
  [traj] 415/579  4297s elapsed
  [t  [traj] 416/579  4247s elap  [traj] 417/579  4306s elapsed
  [traj] 418/579  4311s elapsed
  [traj] 419/579  4317s elapsed
  [traj] 420/579  4317s elapsed
  [traj] 421/579  4322s elapsed
  [traj] 422/579  4324s elapsed
  [traj] 423/579  4330s elapsed
  [traj] 424/579  4334s elapsed
  [traj] 425/579  4337s elapsed
  [traj] 426/579  4342s elapsed
  [traj] 427/579  4345s elapsed
  [traj] 428/579  4350s elapsed
  [traj] 429/579  4356s elapsed
  [traj] 430/579  4362s elapsed
  [traj] 431/579  4363s elapsed
  [traj] 432/579  4368s elapsed
  [traj] 433/579  4370s elapsed
  [traj] 434/579  4379s elapsed
  [traj] 435/579  4380s elapsed
  [traj] 436/579  4382s elapsed
  [traj] 437/579  4388s elapsed
  [traj] 438/579  4393s elapsed
  [traj] 439/579  4401s elapsed
  [traj] 440/579  4402s elapsed
  [traj] 441/579  4407s elapsed
  [traj] 442/579  4413s elapsed
  [traj] 443/579  4413s elapsed
  [traj] 444/579  4423s elapsed
  [traj] 445/579  4426s elapsed
  [traj] 446/579  4429s elapsed
  [traj] 447/579  4434s elapsed
  [traj] 448/579  4440s elapsed
  [traj] 449/579  4453s elapsed
  [traj] 450/579  4469s elapsed
  [traj] 451/579  4469s elapsed
  [traj] 452/579  4486s elapsed
  [traj] 453/579  4486s elapsed
  [traj] 454/579  4504s elapsed
  [traj] 455/579  4507s elapsed
  [traj] 456/579  4519s elapsed
  [traj] 457/579  4525s elapsed
  [traj] 458/579  4530s elapsed
  [traj] 459/579  4533s elapsed
  [traj] 460/579  4549s elapsed
  [traj] 461/579  4557s elapsed
  [traj] 462/579  4574s elapsed
  [traj] 463/579  4580s elapsed
  [traj] 464/579  4587s elapsed
  [traj] 465/579  4589s elapsed
  [traj] 466/579  4606s elapsed
  [t  [traj] 467/579  4560s elap  [traj] 468/579  4623s elapsed
  [traj] 469/579  4634s elapsed
  [traj] 470/579  4642s elapsed
  [t  [traj] 471/579  4597s elap  [traj] 472/579  4664s elapsed
  [traj] 473/579  4667s elapsed
  [traj] 474/579  4679s elapsed
  [traj] 475/579  4684s elapsed
  [t  [traj] 476/579  4642s elap  [traj] 477/579  4710s elapsed
  [traj] 478/579  4719s elapsed
  [traj] 479/579  4736s elapsed
  [t  [traj] 480/579  4691s elap  [t  [traj] 481/579  4695s elap  [t  [traj] 482/579  4705s elap  [traj] 483/579  4778s elapsed
  [traj] 484/579  4786s elapsed
  [traj] 485/579  4799s elapsed
  [traj] 486/579  4807s elapsed
  [traj] 487/579  4812s elapsed
  [t  [traj] 488/579  4763s elap  [traj] 489/579  4820s elapsed
  [traj] 490/579  4833s elapsed
  [t  [traj] 491/579  4789s elap  [t  [traj] 492/579  4795s elapsed
  [traj] 493/579  4797s elap  [traj] 494/579  4852s elapsed
  [traj] 495/579  4871s elapsed
  [t  [traj] 496/579  4831s elapsed
  [traj] 497/579  4834s elap  [traj] 498/579  4896s elapsed
  [t  [traj] 499/579  4850s elap  [traj] 500/579  4907s elapsed
  [traj] 501/579  4911s elapsed
  [t  [traj] 502/579  4884s elapsed
  [traj] 503/579  4885s elap  [traj] 504/579  4944s elapsed
  [traj] 505/579  4953s elapsed
  [traj] 506/579  4954s elapsed
  [traj] 507/579  4987s elapsed
  [t  [traj] 508/579  4940s elapsed
  [traj] 509/579  4941s elapsed
  [traj] 510/579  4944s elapsed
  [traj] 511/579  4948s elap  [traj] 512/579  5029s elapsed
  [traj] 513/579  5036s elapsed
  [traj] 514/579  5038s elapsed
  [traj] 515/579  5054s elapsed
  [traj] 516/579  5056s elapsed
  [traj] 517/579  5079s elapsed
  [traj] 518/579  5093s elapsed
  [traj] 519/579  5096s elapsed
  [traj] 520/579  5099s elapsed
  [traj] 521/579  5101s elapsed
  [traj] 522/579  5125s elapsed
  [traj] 523/579  5134s elapsed
  [traj] 524/579  5149s elapsed
  [traj] 525/579  5150s elapsed
  [traj] 526/579  5153s elapsed
  [traj] 527/579  5166s elapsed
  [traj] 528/579  5179s elapsed
  [traj] 529/579  5193s elapsed
  [traj] 530/579  5200s elapsed
  [traj] 531/579  5208s elapsed
  [traj] 532/579  5219s elapsed
  [traj] 533/579  5222s elapsed
  [traj] 534/579  5228s elapsed
  [traj] 535/579  5253s elapsed
  [traj] 536/579  5258s elapsed
  [traj] 537/579  5260s elapsed
  [traj] 538/579  5262s elapsed
  [traj] 539/579  5276s elapsed
  [traj] 540/579  5284s elapsed
  [t  [traj] 541/579  5237s elap  [traj] 542/579  5305s elapsed
  [traj] 543/579  5310s elapsed
  [traj] 544/579  5313s elapsed
  [traj] 545/579  5318s elapsed
  [traj] 546/579  5344s elapsed
  [traj] 547/579  5350s elapsed
  [t  [traj] 548/579  5299s elap  [traj] 549/579  5378s elapsed
  [traj] 550/579  5385s elapsed
  [traj] 551/579  5387s elapsed
  [traj] 552/579  5400s elapsed
  [traj] 553/579  5431s elapsed
  [traj] 554/579  5432s elapsed
  [traj] 555/579  5432s elapsed
  [traj] 556/579  5439s elapsed
  [t  [traj] 557/579  5392s elap  [traj] 558/579  5460s elapsed
  [traj] 559/579  5465s elapsed
  [traj] 560/579  5479s elapsed
  [traj] 561/579  5487s elapsed
  [traj] 562/579  5501s elapsed
  [traj] 563/579  5504s elapsed
  [traj] 564/579  5507s elapsed
  [traj] 565/579  5523s elapsed
  [traj] 566/579  5526s elapsed
  [traj] 567/579  5548s elapsed
  [traj] 568/579  5550s elapsed
  [traj] 569/579  5553s elapsed
  [traj] 570/579  5559s elapsed
  [traj] 571/579  5561s elapsed
  [traj] 572/579  5596s elapsed
  [t  [traj] 573/579  5554s elapsed
  [traj] 574/579  5555s elap  [t  [traj] 575/579  5557s elap  [traj] 576/579  5612s elapsed
  [t  [traj] 577/579  5582s elap  [t  [traj] 578/579  5602s elap  [t  [traj] 579/579  5603s elapsed

[saved] results/G_trajectories.npz  (579 trajectories)

All 579 re-solves reproduced the campaign outcome.
