Study E: 220 initial conditions to fly.  963/1024 raw Sobol points were admissible (the admissible region is 0.940 of the raw box)
  [E] 1/220  60s elapsed
  [E] 2/220  69s elapsed
  [E] 3/220  72s elapsed
  [E] 4/220  112s elapsed
  [E] 5/220  123s elapsed
  [E] 6/220  136s elapsed
  [E] 7/220  156s elapsed
  [E] 8/220  171s elapsed
  [E] 9/220  220s elapsed
  [E] 10/220  245s elapsed
  [E] 11/220  282s elapsed
  [E] 12/220  284s elapsed
  [E] 13/220  344s elapsed
  [E] 14/220  345s elapsed
  [E] 15/220  347s elapsed
  [E] 16/220  367s elapsed
  [E] 17/220  434s elapsed
  [E] 18/220  445s elapsed
  [E] 19/220  447s elapsed
  [E] 20/220  509s elapsed
  [E] 21/220  580s elapsed
  [E] 22/220  590s elapsed
  [E] 23/220  593s elapsed
  [E] 24/220  670s elapsed
  [E] 25/220  676s elapsed
  [E] 26/220  692s elapsed
  [E] 27/220  724s elapsed
  [E] 28/220  738s elapsed
  [E] 29/220  746s elapsed
  [E] 30/220  749s elapsed
  [E] 31/220  818s elapsed
  [E] 32/220  857s elapsed
  [E] 33/220  866s elapsed
  [E] 34/220  919s elapsed
  [E] 35/220  922s elapsed
  [E] 36/220  988s elapsed
  [E] 37/220  993s elapsed
  [E] 38/220  1050s elapsed
  [E] 39/220  1052s elapsed
  [E] 40/220  1096s elapsed
  [E] 41/220  1123s elapsed
  [E] 42/220  1167s elapsed
  [E] 43/220  1234s elapsed
  [E] 44/220  1312s elapsed
  [E] 45/220  1334s elapsed
  [E] 46/220  1367s elapsed
  [E] 47/220  1388s elapsed
  [E] 48/220  1402s elapsed
  [E] 49/220  1416s elapsed
  [E] 50/220  1436s elapsed
  [E] 51/220  1493s elapsed
  [E] 52/220  1499s elapsed
  [E] 53/220  1521s elapsed
  [E] 54/220  1566s elapsed
  [E] 55/220  1582s elapsed
  [E] 56/220  1583s elapsed
  [E] 57/220  1684s elapsed
  [E] 58/220  1700s elapsed
  [E] 59/220  1711s elapsed
  [E] 60/220  1782s elapsed
  [E] 61/220  1789s elapsed
  [E] 62/220  1830s elapsed
  [E] 63/220  1869s elapsed
  [E] 64/220  1881s elapsed
  [E] 65/220  1901s elapsed
  [E] 66/220  1935s elapsed
  [E] 67/220  1939s elapsed
  [E] 68/220  1976s elapsed
  [E] 69/220  2008s elapsed
  [E] 70/220  2030s elapsed
  [E] 71/220  2054s elapsed
  [E] 72/220  2059s elapsed
  [E] 73/220  2113s elapsed
  [E] 74/220  2149s elapsed
  [E] 75/220  2173s elapsed
  [E] 76/220  2197s elapsed
  [E] 77/220  2236s elapsed
  [E] 78/220  2245s elapsed
  [E] 79/220  2273s elapsed
  [E] 80/220  2307s elapsed
  [E] 81/220  2350s elapsed
  [E] 82/220  2357s elapsed
  [E] 83/220  2362s elapsed
  [E] 84/220  23101s elapsed
  [E] 85/220  23108s elapsed
  [E] 86/220  23122s elapsed
  [E] 87/220  23161s elapsed
  [E] 88/220  23190s elapsed
  [E] 89/220  23248s elapsed
  [E] 90/220  23253s elapsed
  [E] 91/220  23291s elapsed
  [E] 92/220  23300s elapsed
  [E] 93/220  23315s elapsed
  [E] 94/220  23391s elapsed
  [E] 95/220  23420s elapsed
  [E] 96/220  23433s elapsed
  [E] 97/220  23455s elapsed
  [E] 98/220  23467s elapsed
  [E] 99/220  23571s elapsed
  [E] 100/220  23577s elapsed
  [E] 101/220  23581s elapsed
  [E] 102/220  23599s elapsed
  [E] 103/220  23627s elapsed
  [E] 104/220  23647s elapsed
  [E] 105/220  23691s elapsed
  [E] 106/220  23708s elapsed
  [E] 107/220  23708s elapsed
  [E] 108/220  23722s elapsed
  [E] 109/220  23783s elapsed
  [E] 110/220  23795s elapsed
  [E] 111/220  23798s elapsed
  [E] 112/220  23844s elapsed
  [E] 113/220  23951s elapsed
  [E] 114/220  23956s elapsed
  [E] 115/220  23967s elapsed
  [E] 116/220  23979s elapsed
  [E] 117/220  24007s elapsed
  [E] 118/220  24085s elapsed
  [E] 119/220  24122s elapsed
  [E] 120/220  24167s elapsed
  [E] 121/220  24206s elapsed
  [E] 122/220  24217s elapsed
  [E] 123/220  24217s elapsed
  [E] 124/220  24227s elapsed
  [E] 125/220  24260s elapsed
  [E] 126/220  24337s elapsed
  [E] 127/220  24373s elapsed
  [E] 128/220  24373s elapsed
  [E] 129/220  24397s elapsed
  [E] 130/220  24404s elapsed
  [E] 131/220  24421s elapsed
  [E] 132/220  24422s elapsed
  [E] 133/220  24545s elapsed
  [E] 134/220  24554s elapsed
  [E] 135/220  24618s elapsed
  [E] 136/220  24642s elapsed
  [E] 137/220  24724s elapsed
  [E] 138/220  24732s elapsed
  [E] 139/220  24762s elapsed
  [E] 140/220  24861s elapsed
  [E] 141/220  24862s elapsed
  [E] 142/220  24912s elapsed
  [E] 143/220  24941s elapsed
  [E] 144/220  24956s elapsed
  [E] 145/220  24992s elapsed
  [E] 146/220  25021s elapsed
  [E] 147/220  25074s elapsed
  [E] 148/220  25079s elapsed
  [E] 149/220  25138s elapsed
  [E] 150/220  25147s elapsed
  [E] 151/220  25148s elapsed
  [E] 152/220  25157s elapsed
  [E] 153/220  25215s elapsed
  [E] 154/220  25242s elapsed
  [E] 155/220  25261s elapsed
  [E] 156/220  25277s elapsed
  [E] 157/220  25285s elapsed
  [E] 158/220  25289s elapsed
  [E] 159/220  25325s elapsed
  [E] 160/220  25364s elapsed
  [E] 161/220  25372s elapsed
  [E] 162/220  25387s elapsed
  [E] 163/220  25396s elapsed
  [E] 164/220  25398s elapsed
  [E] 165/220  25478s elapsed
  [E] 166/220  25504s elapsed
  [E] 167/220  25517s elapsed
  [E] 168/220  25556s elapsed
  [E] 169/220  25607s elapsed
  [E] 170/220  25612s elapsed
  [E] 171/220  25623s elapsed
  [E] 172/220  25692s elapsed
  [E] 173/220  25724s elapsed
  [E] 174/220  25741s elapsed
  [E] 175/220  25786s elapsed
  [E] 176/220  25795s elapsed
  [E] 177/220  25830s elapsed
  [E] 178/220  25877s elapsed
  [E] 179/220  25906s elapsed
  [E] 180/220  25914s elapsed
  [E] 181/220  25955s elapsed
  [E] 182/220  25956s elapsed
  [E] 183/220  26032s elapsed
  [E] 184/220  26063s elapsed
  [E] 185/220  26075s elapsed
  [E] 186/220  26084s elapsed
  [E] 187/220  26093s elapsed
  [E] 188/220  26148s elapsed
  [E] 189/220  26207s elapsed
  [E] 190/220  26243s elapsed
  [E] 191/220  26257s elapsed
  [E] 192/220  26316s elapsed
  [E] 193/220  26347s elapsed
  [E] 194/220  26375s elapsed
  [E] 195/220  26443s elapsed
  [E] 196/220  26450s elapsed
  [E] 197/220  26511s elapsed
  [E] 198/220  26523s elapsed
  [E] 199/220  26572s elapsed
  [E] 200/220  26594s elapsed
  [E] 201/220  26618s elapsed
  [E] 202/220  26626s elapsed
  [E] 203/220  26667s elapsed
  [E] 204/220  26709s elapsed
  [E] 205/220  26744s elapsed
  [E] 206/220  26854s elapsed
  [E] 207/220  26866s elapsed
  [E] 208/220  26882s elapsed
  [E] 209/220  26885s elapsed
  [E] 210/220  26918s elapsed
  [E] 211/220  26991s elapsed
  [E] 212/220  27001s elapsed
  [E] 213/220  27046s elapsed
  [E] 214/220  27061s elapsed
  [E] 215/220  27079s elapsed
  [E] 216/220  27171s elapsed
  [E] 217/220  27194s elapsed
  [E] 218/220  27225s elapsed
  [E] 219/220  27238s elapsed
  [E] 220/220  27251s elapsed
[saved] /home/omersayilgan/Desktop/ThesisGit/Python/fault_onset_study/results/E_samples.csv  (220 rows)

P(landing possible | healthy)  = 0.977  [0.948, 0.990] 95% Wilson   (215/220)
P(landing possible | faulted)  = 0.205  [0.156, 0.264] 95% Wilson   (44/215)
